// Jest Snapshot v1, https://goo.gl/fbAQLP

exports[`component/TwitterBox core and non-open state should match snapshot 1`] = `
<div
  class="container"
>
  <img
    alt="Profile"
    class="profilePic"
  />
  <textarea
    aria-label="Write your tweet message"
    class="textarea"
    data-gramm="false"
    placeholder="What is on your mind?"
    style="height: 0px;"
    type="text"
  />
  <div
    class="actions"
  >
    <span
      class="message"
    />
    <button
      class="button is-primary is-rounded submit"
      disabled=""
      type="button"
    >
      Tweet
    </button>
  </div>
</div>
`;
